src/components/mobile/ImprovedMobileLayout.tsx(134,58): error TS2339: Property 'username' does not exist on type 'UserProfile'.
src/components/mobile/MobileApp.tsx(234,21): error TS2698: Spread types may only be created from object types.
src/components/mobile/MobileChatLayout.tsx(231,17): error TS2322: Type '{ activeTab: "canvas" | "users" | "games" | "chat"; onTabChange: (tab: "canvas" | "users" | "games" | "chat") => void; isCollabSpaceVisible: boolean; onToggleCollabSpace: () => void; unreadCount: number; isTyping: boolean; connectionStatus: string; }' is not assignable to type 'IntrinsicAttributes & MobileNavigationProps'.
  Property 'unreadCount' does not exist on type 'IntrinsicAttributes & MobileNavigationProps'.
src/components/mobile/MobileParticipantsPanel.tsx(67,13): error TS2304: Cannot find name 'diffInMinutes'.
src/components/mobile/MobileParticipantsPanel.tsx(68,13): error TS2304: Cannot find name 'diffInMinutes'.
src/components/mobile/MobileParticipantsPanel.tsx(68,43): error TS2304: Cannot find name 'diffInMinutes'.
src/components/mobile/MobileParticipantsPanel.tsx(69,13): error TS2304: Cannot find name 'diffInMinutes'.
src/components/mobile/MobileParticipantsPanel.tsx(69,56): error TS2304: Cannot find name 'diffInMinutes'.
src/components/mobile/MobileParticipantsPanel.tsx(70,30): error TS2304: Cannot find name 'diffInMinutes'.
src/components/ui/alert-dialog.tsx(110,6): error TS2741: Property 'children' is missing in type '{ className: string | undefined; }' but required in type 'ButtonProps'.
src/components/ui/alert-dialog.tsx(124,6): error TS2741: Property 'children' is missing in type '{ variant: "outline"; className: string; }' but required in type 'ButtonProps'.
src/components/ui/button.tsx(78,6): error TS2322: Type '{ children: (false | Element)[]; form?: string | undefined; formAction?: string | ((formData: FormData) => void | Promise<void>) | undefined; formEncType?: string | undefined; ... 285 more ...; whileHover: { ...; } | {}; }' is not assignable to type 'Omit<HTMLMotionProps<"button">, "ref">'.
  Types of property 'onDrag' are incompatible.
    Type 'DragEventHandler<HTMLButtonElement> | undefined' is not assignable to type '((event: TouchEvent | MouseEvent | PointerEvent, info: PanInfo) => void) | undefined'.
      Type 'DragEventHandler<HTMLButtonElement>' is not assignable to type '(event: TouchEvent | MouseEvent | PointerEvent, info: PanInfo) => void'.
        Types of parameters 'event' and 'event' are incompatible.
          Type 'TouchEvent | MouseEvent | PointerEvent' is not assignable to type 'DragEvent<HTMLButtonElement>'.
            Type 'TouchEvent' is missing the following properties from type 'DragEvent<HTMLButtonElement>': dataTransfer, button, buttons, clientX, and 13 more.
src/components/ui/enhanced-input.tsx(107,22): error TS2322: Type '{ whileFocus: { scale: number; }; transition: { type: "spring"; stiffness: number; damping: number; }; onError?: ReactEventHandler<HTMLInputElement> | undefined; ... 305 more ...; value: string | ... 2 more ... | undefined; }' is not assignable to type 'Omit<HTMLMotionProps<"input">, "ref">'.
  Types of property 'onDrag' are incompatible.
    Type 'DragEventHandler<HTMLInputElement> | undefined' is not assignable to type '((event: TouchEvent | MouseEvent | PointerEvent, info: PanInfo) => void) | undefined'.
      Type 'DragEventHandler<HTMLInputElement>' is not assignable to type '(event: TouchEvent | MouseEvent | PointerEvent, info: PanInfo) => void'.
        Types of parameters 'event' and 'event' are incompatible.
          Type 'TouchEvent | MouseEvent | PointerEvent' is not assignable to type 'DragEvent<HTMLInputElement>'.
            Type 'TouchEvent' is missing the following properties from type 'DragEvent<HTMLInputElement>': dataTransfer, button, buttons, clientX, and 13 more.
